INSERT INTO person ( id, name, dob, tags, friends ) VALUES ( ?, ?, ?, ?,  ?)