▿ 3 elements
  ▿ SQLBinder
    - getf: (Function)
    - name: Optional<String>.none
    - setf: (Function)
    - valueType: Int
  ▿ SQLBinder
    - getf: (Function)
    - name: Optional<String>.none
    - setf: (Function)
    - valueType: Int32
  ▿ SQLBinder
    - getf: (Function)
    - name: Optional<String>.none
    - setf: (Function)
    - valueType: Float
