# test
(id: 80, name: 66, level: Alex, number: 43.5, thunk: 3 bytes)

# EOF
