▿ SQLBinder
  - getf: (Function)
  ▿ name: Optional<String>
    - some: "id"
  - setf: (Function)
  - valueType: Int64
