â–¿ (4 elements)
  - .0: 3 bytes
  - .1: "66"
  - .2: 43.5
  - .3: 80
