â–¿ 5 elements
  - "didCommit"
  - "didUpdate(main:Test insert(1))"
  - "didCommit"
  - "didUpdate(main:Test insert(2))"
  - "didRollback"
